Phase 1: Importing files...
Phase 1 done: 84696 files in 113.5s
Phase 2: Building structural index...
  backfill: 500/84696 (1%)
  backfill: 1000/84696 (1%)
  backfill: 1500/84696 (2%)
  backfill: 2000/84696 (2%)
  backfill: 2500/84696 (3%)
  backfill: 3000/84696 (4%)
  backfill: 3500/84696 (4%)
  backfill: 4000/84696 (5%)
  backfill: 4500/84696 (5%)
  backfill: 5000/84696 (6%)
  backfill: 5500/84696 (6%)
  backfill: 6000/84696 (7%)
  backfill: 6500/84696 (8%)
  backfill: 7000/84696 (8%)
  backfill: 7500/84696 (9%)
  backfill: 8000/84696 (9%)
  backfill: 8500/84696 (10%)
  backfill: 9000/84696 (11%)
  backfill: 9500/84696 (11%)
  backfill: 10000/84696 (12%)
  backfill: 10500/84696 (12%)
  backfill: 11000/84696 (13%)
  backfill: 11500/84696 (14%)
  backfill: 12000/84696 (14%)
  backfill: 12500/84696 (15%)
  backfill: 13000/84696 (15%)
  backfill: 13500/84696 (16%)
  backfill: 14000/84696 (17%)
  backfill: 14500/84696 (17%)
  backfill: 15000/84696 (18%)
  backfill: 15500/84696 (18%)
  backfill: 16000/84696 (19%)
  backfill: 16500/84696 (19%)
  backfill: 17000/84696 (20%)
  backfill: 17500/84696 (21%)
  backfill: 18000/84696 (21%)
  backfill: 18500/84696 (22%)
  backfill: 19000/84696 (22%)
  backfill: 19500/84696 (23%)
  backfill: 20000/84696 (24%)
  backfill: 20500/84696 (24%)
  backfill: 21000/84696 (25%)
  backfill: 21500/84696 (25%)
  backfill: 22000/84696 (26%)
  backfill: 22500/84696 (27%)
  backfill: 23000/84696 (27%)
  backfill: 23500/84696 (28%)
  backfill: 24000/84696 (28%)
  backfill: 24500/84696 (29%)
  backfill: 25000/84696 (30%)
  backfill: 25500/84696 (30%)
  backfill: 26000/84696 (31%)
  backfill: 26500/84696 (31%)
  backfill: 27000/84696 (32%)
  backfill: 27500/84696 (32%)
  backfill: 28000/84696 (33%)
  backfill: 28500/84696 (34%)
  backfill: 29000/84696 (34%)
  backfill: 29500/84696 (35%)
  backfill: 30000/84696 (35%)
  backfill: 30500/84696 (36%)
  backfill: 31000/84696 (37%)
  backfill: 31500/84696 (37%)
  backfill: 32000/84696 (38%)
  backfill: 32500/84696 (38%)
  backfill: 33000/84696 (39%)
  backfill: 33500/84696 (40%)
  backfill: 34000/84696 (40%)
  backfill: 34500/84696 (41%)
  backfill: 35000/84696 (41%)
  backfill: 35500/84696 (42%)
  backfill: 36000/84696 (43%)
  backfill: 36500/84696 (43%)
  backfill: 37000/84696 (44%)
  backfill: 37500/84696 (44%)
  backfill: 38000/84696 (45%)
  backfill: 38500/84696 (45%)
  backfill: 39000/84696 (46%)
  backfill: 39500/84696 (47%)
  backfill: 40000/84696 (47%)
  backfill: 40500/84696 (48%)
  backfill: 41000/84696 (48%)
  backfill: 41500/84696 (49%)
  backfill: 42000/84696 (50%)
  backfill: 42500/84696 (50%)
  backfill: 43000/84696 (51%)
  backfill: 43500/84696 (51%)
  backfill: 44000/84696 (52%)
  backfill: 44500/84696 (53%)
  backfill: 45000/84696 (53%)
  backfill: 45500/84696 (54%)
  backfill: 46000/84696 (54%)
  backfill: 46500/84696 (55%)
  backfill: 47000/84696 (55%)
  backfill: 47500/84696 (56%)
  backfill: 48000/84696 (57%)
  backfill: 48500/84696 (57%)
  backfill: 49000/84696 (58%)
  backfill: 49500/84696 (58%)
  backfill: 50000/84696 (59%)
  backfill: 50500/84696 (60%)
  backfill: 51000/84696 (60%)
  backfill: 51500/84696 (61%)
  backfill: 52000/84696 (61%)
  backfill: 52500/84696 (62%)
  backfill: 53000/84696 (63%)
  backfill: 53500/84696 (63%)
  backfill: 54000/84696 (64%)
  backfill: 54500/84696 (64%)
  backfill: 55000/84696 (65%)
  backfill: 55500/84696 (66%)
  backfill: 56000/84696 (66%)
  backfill: 56500/84696 (67%)
  backfill: 57000/84696 (67%)
  backfill: 57500/84696 (68%)
  backfill: 58000/84696 (68%)
  backfill: 58500/84696 (69%)
  backfill: 59000/84696 (70%)
  backfill: 59500/84696 (70%)
  backfill: 60000/84696 (71%)
  backfill: 60500/84696 (71%)
  backfill: 61000/84696 (72%)
  backfill: 61500/84696 (73%)
  backfill: 62000/84696 (73%)
  backfill: 62500/84696 (74%)
  backfill: 63000/84696 (74%)
  backfill: 63500/84696 (75%)
  backfill: 64000/84696 (76%)
  backfill: 64500/84696 (76%)
  backfill: 65000/84696 (77%)
  backfill: 65500/84696 (77%)
  backfill: 66000/84696 (78%)
  backfill: 66500/84696 (79%)
  backfill: 67000/84696 (79%)
  backfill: 67500/84696 (80%)
  backfill: 68000/84696 (80%)
  backfill: 68500/84696 (81%)
  backfill: 69000/84696 (81%)
  backfill: 69500/84696 (82%)
  backfill: 70000/84696 (83%)
  backfill: 70500/84696 (83%)
  backfill: 71000/84696 (84%)
  backfill: 71500/84696 (84%)
  backfill: 72000/84696 (85%)
  backfill: 72500/84696 (86%)
  backfill: 73000/84696 (86%)
  backfill: 73500/84696 (87%)
  backfill: 74000/84696 (87%)
  backfill: 74500/84696 (88%)
  backfill: 75000/84696 (89%)
  backfill: 75500/84696 (89%)
  backfill: 76000/84696 (90%)
  backfill: 76500/84696 (90%)
  backfill: 77000/84696 (91%)
  backfill: 77500/84696 (92%)
  backfill: 78000/84696 (92%)
  backfill: 78500/84696 (93%)
  backfill: 79000/84696 (93%)
  backfill: 79500/84696 (94%)
  backfill: 80000/84696 (94%)
  backfill: 80500/84696 (95%)
  backfill: 81000/84696 (96%)
  backfill: 81500/84696 (96%)
  backfill: 82000/84696 (97%)
  backfill: 82500/84696 (97%)
  backfill: 83000/84696 (98%)
  backfill: 83500/84696 (99%)
  backfill: 84000/84696 (99%)
  backfill: 84500/84696 (100%)
  backfill: 84696/84696 (100%)
Phase 2 done in 83.3s
Indexed 84696 files into unreal.db
